// Jest Snapshot v1, https://goo.gl/fbAQLP

exports[`test InputText.vue match the snapshot 1`] = `<div class="input-wrapper"><label class="input-label">Insert the title here</label> <input class="input"></div>`;
