// Jest Snapshot v1, https://goo.gl/fbAQLP

exports[`test Movie Card should match the snapshot 1`] = `
<article class="movie-card"><a class="movie-card-link"><img src="https://somewhere.com.somepic.jpg" alt="" class="movie-img">
    <p>Mock movie</p>
  </a></article>
`;
